// Jest Snapshot v1, https://goo.gl/fbAQLP

exports[`user should have the expected watchers 1`] = `
Object {
  "fork": Array [
    Object {
      "@@redux-saga/IO": true,
      "combinator": false,
      "payload": Object {
        "args": Array [
          "INIT_USER",
          "@@redux-saga-test-plan/json/function/initUser",
        ],
        "context": null,
        "fn": "@@redux-saga-test-plan/json/function/takeLatest",
      },
      "type": "FORK",
    },
    Object {
      "@@redux-saga/IO": true,
      "combinator": false,
      "payload": Object {
        "args": Array [
          "USER_LOGOUT",
          "@@redux-saga-test-plan/json/function/logout",
        ],
        "context": null,
        "fn": "@@redux-saga-test-plan/json/function/takeLatest",
      },
      "type": "FORK",
    },
  ],
  "take": Array [
    Object {
      "@@redux-saga/IO": true,
      "combinator": false,
      "payload": Object {
        "pattern": "INIT_USER",
      },
      "type": "TAKE",
    },
    Object {
      "@@redux-saga/IO": true,
      "combinator": false,
      "payload": Object {
        "pattern": "USER_LOGOUT",
      },
      "type": "TAKE",
    },
  ],
}
`;
