// Jest Snapshot v1, https://goo.gl/fbAQLP

exports[`NotFound should render properly 1`] = `
<div>
  <a
    href="/"
    onClick={[Function]}
  >
    HOME
  </a>
</div>
`;
